Archive member included to satisfy reference by file (symbol)

D:/stm32/STM32CubeIDE_1.19.0/STM32CubeIDE/plugins/com.st.stm32cube.ide.mcu.externaltools.gnu-tools-for-stm32.13.3.rel1.win32_1.0.0.202411081344/tools/bin/../lib/gcc/arm-none-eabi/13.3.1/../../../../arm-none-eabi/lib/thumb/v7-m/nofp\libc_nano.a(libc_a-exit.o)
                              D:/stm32/STM32CubeIDE_1.19.0/STM32CubeIDE/plugins/com.st.stm32cube.ide.mcu.externaltools.gnu-tools-for-stm32.13.3.rel1.win32_1.0.0.202411081344/tools/bin/../lib/gcc/arm-none-eabi/13.3.1/../../../../arm-none-eabi/lib/thumb/v7-m/nofp/crt0.o (exit)
D:/stm32/STM32CubeIDE_1.19.0/STM32CubeIDE/plugins/com.st.stm32cube.ide.mcu.externaltools.gnu-tools-for-stm32.13.3.rel1.win32_1.0.0.202411081344/tools/bin/../lib/gcc/arm-none-eabi/13.3.1/../../../../arm-none-eabi/lib/thumb/v7-m/nofp\libc_nano.a(libc_a-findfp.o)
                              D:/stm32/STM32CubeIDE_1.19.0/STM32CubeIDE/plugins/com.st.stm32cube.ide.mcu.externaltools.gnu-tools-for-stm32.13.3.rel1.win32_1.0.0.202411081344/tools/bin/../lib/gcc/arm-none-eabi/13.3.1/../../../../arm-none-eabi/lib/thumb/v7-m/nofp\libc_nano.a(libc_a-exit.o) (__stdio_exit_handler)
D:/stm32/STM32CubeIDE_1.19.0/STM32CubeIDE/plugins/com.st.stm32cube.ide.mcu.externaltools.gnu-tools-for-stm32.13.3.rel1.win32_1.0.0.202411081344/tools/bin/../lib/gcc/arm-none-eabi/13.3.1/../../../../arm-none-eabi/lib/thumb/v7-m/nofp\libc_nano.a(libc_a-fwalk.o)
                              D:/stm32/STM32CubeIDE_1.19.0/STM32CubeIDE/plugins/com.st.stm32cube.ide.mcu.externaltools.gnu-tools-for-stm32.13.3.rel1.win32_1.0.0.202411081344/tools/bin/../lib/gcc/arm-none-eabi/13.3.1/../../../../arm-none-eabi/lib/thumb/v7-m/nofp\libc_nano.a(libc_a-findfp.o) (_fwalk_sglue)
D:/stm32/STM32CubeIDE_1.19.0/STM32CubeIDE/plugins/com.st.stm32cube.ide.mcu.externaltools.gnu-tools-for-stm32.13.3.rel1.win32_1.0.0.202411081344/tools/bin/../lib/gcc/arm-none-eabi/13.3.1/../../../../arm-none-eabi/lib/thumb/v7-m/nofp\libc_nano.a(libc_a-stdio.o)
                              D:/stm32/STM32CubeIDE_1.19.0/STM32CubeIDE/plugins/com.st.stm32cube.ide.mcu.externaltools.gnu-tools-for-stm32.13.3.rel1.win32_1.0.0.202411081344/tools/bin/../lib/gcc/arm-none-eabi/13.3.1/../../../../arm-none-eabi/lib/thumb/v7-m/nofp\libc_nano.a(libc_a-findfp.o) (__sread)
D:/stm32/STM32CubeIDE_1.19.0/STM32CubeIDE/plugins/com.st.stm32cube.ide.mcu.externaltools.gnu-tools-for-stm32.13.3.rel1.win32_1.0.0.202411081344/tools/bin/../lib/gcc/arm-none-eabi/13.3.1/../../../../arm-none-eabi/lib/thumb/v7-m/nofp\libc_nano.a(libc_a-memset.o)
                              D:/stm32/STM32CubeIDE_1.19.0/STM32CubeIDE/plugins/com.st.stm32cube.ide.mcu.externaltools.gnu-tools-for-stm32.13.3.rel1.win32_1.0.0.202411081344/tools/bin/../lib/gcc/arm-none-eabi/13.3.1/../../../../arm-none-eabi/lib/thumb/v7-m/nofp/crt0.o (memset)
D:/stm32/STM32CubeIDE_1.19.0/STM32CubeIDE/plugins/com.st.stm32cube.ide.mcu.externaltools.gnu-tools-for-stm32.13.3.rel1.win32_1.0.0.202411081344/tools/bin/../lib/gcc/arm-none-eabi/13.3.1/../../../../arm-none-eabi/lib/thumb/v7-m/nofp\libc_nano.a(libc_a-strncpy.o)
                              ./Core/Src/main.o (strncpy)
D:/stm32/STM32CubeIDE_1.19.0/STM32CubeIDE/plugins/com.st.stm32cube.ide.mcu.externaltools.gnu-tools-for-stm32.13.3.rel1.win32_1.0.0.202411081344/tools/bin/../lib/gcc/arm-none-eabi/13.3.1/../../../../arm-none-eabi/lib/thumb/v7-m/nofp\libc_nano.a(libc_a-closer.o)
                              D:/stm32/STM32CubeIDE_1.19.0/STM32CubeIDE/plugins/com.st.stm32cube.ide.mcu.externaltools.gnu-tools-for-stm32.13.3.rel1.win32_1.0.0.202411081344/tools/bin/../lib/gcc/arm-none-eabi/13.3.1/../../../../arm-none-eabi/lib/thumb/v7-m/nofp\libc_nano.a(libc_a-stdio.o) (_close_r)
D:/stm32/STM32CubeIDE_1.19.0/STM32CubeIDE/plugins/com.st.stm32cube.ide.mcu.externaltools.gnu-tools-for-stm32.13.3.rel1.win32_1.0.0.202411081344/tools/bin/../lib/gcc/arm-none-eabi/13.3.1/../../../../arm-none-eabi/lib/thumb/v7-m/nofp\libc_nano.a(libc_a-reent.o)
                              D:/stm32/STM32CubeIDE_1.19.0/STM32CubeIDE/plugins/com.st.stm32cube.ide.mcu.externaltools.gnu-tools-for-stm32.13.3.rel1.win32_1.0.0.202411081344/tools/bin/../lib/gcc/arm-none-eabi/13.3.1/../../../../arm-none-eabi/lib/thumb/v7-m/nofp\libc_nano.a(libc_a-closer.o) (errno)
D:/stm32/STM32CubeIDE_1.19.0/STM32CubeIDE/plugins/com.st.stm32cube.ide.mcu.externaltools.gnu-tools-for-stm32.13.3.rel1.win32_1.0.0.202411081344/tools/bin/../lib/gcc/arm-none-eabi/13.3.1/../../../../arm-none-eabi/lib/thumb/v7-m/nofp\libc_nano.a(libc_a-impure.o)
                              D:/stm32/STM32CubeIDE_1.19.0/STM32CubeIDE/plugins/com.st.stm32cube.ide.mcu.externaltools.gnu-tools-for-stm32.13.3.rel1.win32_1.0.0.202411081344/tools/bin/../lib/gcc/arm-none-eabi/13.3.1/../../../../arm-none-eabi/lib/thumb/v7-m/nofp\libc_nano.a(libc_a-reent.o) (_impure_ptr)
[...]
Memory Configuration

Name             Origin             Length             Attributes
RAM              0x20000000         0x00005000         xrw
FLASH            0x08000000         0x00010000         xr
*default*        0x00000000         0xffffffff

Linker script and memory map

LOAD D:/stm32/STM32CubeIDE_1.19.0/STM32CubeIDE/plugins/com.st.stm32cube.ide.mcu.externaltools.gnu-tools-for-stm32.13.3.rel1.win32_1.0.0.202411081344/tools/bin/../lib/gcc/arm-none-eabi/13.3.1/thumb/v7-m/nofp/crti.o
LOAD D:/stm32/STM32CubeIDE_1.19.0/STM32CubeIDE/plugins/com.st.stm32cube.ide.mcu.externaltools.gnu-tools-for-stm32.13.3.rel1.win32_1.0.0.202411081344/tools/bin/../lib/gcc/arm-none-eabi/13.3.1/thumb/v7-m/nofp/crtbegin.o
LOAD D:/stm32/STM32CubeIDE_1.19.0/STM32CubeIDE/plugins/com.st.stm32cube.ide.mcu.externaltools.gnu-tools-for-stm32.13.3.rel1.win32_1.0.0.202411081344/tools/bin/../lib/gcc/arm-none-eabi/13.3.1/../../../../arm-none-eabi/lib/thumb/v7-m/nofp/crt0.o
LOAD ./Core/Src/gpio.o
LOAD ./Core/Src/i2c.o
LOAD ./Core/Src/main.o
LOAD ./Core/Src/oled.o
LOAD ./Core/Src/stm32f1xx_hal_msp.o
LOAD ./Core/Src/stm32f1xx_it.o
LOAD ./Core/Src/syscalls.o
LOAD ./Core/Src/sysmem.o
LOAD ./Core/Src/system_stm32f1xx.o
LOAD ./Core/Src/tim.o
LOAD ./Core/Startup/startup_stm32f103c8tx.o
LOAD ./Drivers/STM32F1xx_HAL_Driver/Src/stm32f1xx_hal.o
LOAD ./Drivers/STM32F1xx_HAL_Driver/Src/stm32f1xx_hal_cortex.o
LOAD ./Drivers/STM32F1xx_HAL_Driver/Src/stm32f1xx_hal_dma.o
LOAD ./Drivers/STM32F1xx_HAL_Driver/Src/stm32f1xx_hal_exti.o
LOAD ./Drivers/STM32F1xx_HAL_Driver/Src/stm32f1xx_hal_flash.o
LOAD ./Drivers/STM32F1xx_HAL_Driver/Src/stm32f1xx_hal_flash_ex.o
LOAD ./Drivers/STM32F1xx_HAL_Driver/Src/stm32f1xx_hal_gpio.o
LOAD ./Drivers/STM32F1xx_HAL_Driver/Src/stm32f1xx_hal_gpio_ex.o
LOAD ./Drivers/STM32F1xx_HAL_Driver/Src/stm32f1xx_hal_i2c.o
LOAD ./Drivers/STM32F1xx_HAL_Driver/Src/stm32f1xx_hal_pwr.o
LOAD ./Drivers/STM32F1xx_HAL_Driver/Src/stm32f1xx_hal_rcc.o
LOAD ./Drivers/STM32F1xx_HAL_Driver/Src/stm32f1xx_hal_rcc_ex.o
LOAD ./Drivers/STM32F1xx_HAL_Driver/Src/stm32f1xx_hal_tim.o
LOAD ./Drivers/STM32F1xx_HAL_Driver/Src/stm32f1xx_hal_tim_ex.o
START GROUP
LOAD D:/stm32/STM32CubeIDE_1.19.0/STM32CubeIDE/plugins/com.st.stm32cube.ide.mcu.externaltools.gnu-tools-for-stm32.13.3.rel1.win32_1.0.0.202411081344/tools/bin/../lib/gcc/arm-none-eabi/13.3.1/../../../../arm-none-eabi/lib/thumb/v7-m/nofp\libc_nano.a
LOAD D:/stm32/STM32CubeIDE_1.19.0/STM32CubeIDE/plugins/com.st.stm32cube.ide.mcu.externaltools.gnu-tools-for-stm32.13.3.rel1.win32_1.0.0.202411081344/tools/bin/../lib/gcc/arm-none-eabi/13.3.1/../../../../arm-none-eabi/lib/thumb/v7-m/nofp\libm.a
END GROUP
START GROUP
LOAD D:/stm32/STM32CubeIDE_1.19.0/STM32CubeIDE/plugins/com.st.stm32cube.ide.mcu.externaltools.gnu-tools-for-stm32.13.3.rel1.win32_1.0.0.202411081344/tools/bin/../lib/gcc/arm-none-eabi/13.3.1/thumb/v7-m/nofp\libgcc.a
LOAD D:/stm32/STM32CubeIDE_1.19.0/STM32CubeIDE/plugins/com.st.stm32cube.ide.mcu.externaltools.gnu-tools-for-stm32.13.3.rel1.win32_1.0.0.202411081344/tools/bin/../lib/gcc/arm-none-eabi/13.3.1/../../../../arm-none-eabi/lib/thumb/v7-m/nofp\libc_nano.a
END GROUP
START GROUP
LOAD D:/stm32/STM32CubeIDE_1.19.0/STM32CubeIDE/plugins/com.st.stm32cube.ide.mcu.externaltools.gnu-tools-for-stm32.13.3.rel1.win32_1.0.0.202411081344/tools/bin/../lib/gcc/arm-none-eabi/13.3.1/thumb/v7-m/nofp\libgcc.a
LOAD D:/stm32/STM32CubeIDE_1.19.0/STM32CubeIDE/plugins/com.st.stm32cube.ide.mcu.externaltools.gnu-tools-for-stm32.13.3.rel1.win32_1.0.0.202411081344/tools/bin/../lib/gcc/arm-none-eabi/13.3.1/../../../../arm-none-eabi/lib/thumb/v7-m/nofp\libc_nano.a
LOAD D:/stm32/STM32CubeIDE_1.19.0/STM32CubeIDE/plugins/com.st.stm32cube.ide.mcu.externaltools.gnu-tools-for-stm32.13.3.rel1.win32_1.0.0.202411081344/tools/bin/../lib/gcc/arm-none-eabi/13.3.1/../../../../arm-none-eabi/lib/thumb/v7-m/nofp\libnosys.a
END GROUP
START GROUP
LOAD D:/stm32/STM32CubeIDE_1.19.0/STM32CubeIDE/plugins/com.st.stm32cube.ide.mcu.externaltools.gnu-tools-for-stm32.13.3.rel1.win32_1.0.0.202411081344/tools/bin/../lib/gcc/arm-none-eabi/13.3.1/thumb/v7-m/nofp\libgcc.a
LOAD D:/stm32/STM32CubeIDE_1.19.0/STM32CubeIDE/plugins/com.st.stm32cube.ide.mcu.externaltools.gnu-tools-for-stm32.13.3.rel1.win32_1.0.0.202411081344/tools/bin/../lib/gcc/arm-none-eabi/13.3.1/../../../../arm-none-eabi/lib/thumb/v7-m/nofp\libc_nano.a
LOAD D:/stm32/STM32CubeIDE_1.19.0/STM32CubeIDE/plugins/com.st.stm32cube.ide.mcu.externaltools.gnu-tools-for-stm32.13.3.rel1.win32_1.0.0.202411081344/tools/bin/../lib/gcc/arm-none-eabi/13.3.1/../../../../arm-none-eabi/lib/thumb/v7-m/nofp\libnosys.a
END GROUP
LOAD D:/stm32/STM32CubeIDE_1.19.0/STM32CubeIDE/plugins/com.st.stm32cube.ide.mcu.externaltools.gnu-tools-for-stm32.13.3.rel1.win32_1.0.0.202411081344/tools/bin/../lib/gcc/arm-none-eabi/13.3.1/thumb/v7-m/nofp/crtend.o
LOAD D:/stm32/STM32CubeIDE_1.19.0/STM32CubeIDE/plugins/com.st.stm32cube.ide.mcu.externaltools.gnu-tools-for-stm32.13.3.rel1.win32_1.0.0.202411081344/tools/bin/../lib/gcc/arm-none-eabi/13.3.1/thumb/v7-m/nofp/crtn.o
                0x20005000                        _estack = (ORIGIN (RAM) + LENGTH (RAM))
                0x00000200                        _Min_Heap_Size = 0x200
                0x00000400                        _Min_Stack_Size = 0x400

.isr_vector     0x08000000      0x10c
                0x08000000                        . = ALIGN (0x4)
 *(.isr_vector)
 .isr_vector    0x08000000      0x10c ./Core/Startup/startup_stm32f103c8tx.o
                0x08000000                g_pfnVectors
                0x0800010c                        . = ALIGN (0x4)

.text           0x0800010c     0x2910
                0x0800010c                        . = ALIGN (0x4)
 *(.text)
 .text          0x0800010c       0x40 D:/stm32/STM32CubeIDE_1.19.0/STM32CubeIDE/plugins/com.st.stm32cube.ide.mcu.externaltools.gnu-tools-for-stm32.13.3.rel1.win32_1.0.0.202411081344/tools/bin/../lib/gcc/arm-none-eabi/13.3.1/thumb/v7-m/nofp/crtbegin.o
 *(.text*)
 .text.MX_GPIO_Init
                0x0800014c       0xdc ./Core/Src/gpio.o
                0x0800014c                MX_GPIO_Init
 .text.MX_I2C1_Init
                0x08000228       0x5c ./Core/Src/i2c.o
                0x08000228                MX_I2C1_Init
 .text.HAL_I2C_MspInit
                0x08000284       0x7c ./Core/Src/i2c.o
                0x08000284                HAL_I2C_MspInit
 .text.light_recv_bin
                0x08000300       0x60 ./Core/Src/main.o
                0x08000300                light_recv_bin
 .text.nibble_to_hex_char
                0x08000360       0x28 ./Core/Src/main.o
                0x08000360                nibble_to_hex_char
 .text.bin_to_hex_display
                0x08000388      0x1d4 ./Core/Src/main.o
                0x08000388                bin_to_hex_display
 .text.wait_for_laser_start_signal
                0x0800055c      0x100 ./Core/Src/main.o
                0x0800055c                wait_for_laser_start_signal
 .text.HAL_TIM_PeriodElapsedCallback
                0x0800065c       0x54 ./Core/Src/main.o
                0x0800065c                HAL_TIM_PeriodElapsedCallback
 .text.main     0x080006b0       0xe8 ./Core/Src/main.o
                0x080006b0                main
 .text.SystemClock_Config
                0x08000798       0x8a ./Core/Src/main.o
                0x08000798                SystemClock_Config
 .text.Error_Handler
                0x08000822        0xc ./Core/Src/main.o
                0x08000822                Error_Handler
 .text.IIC_delay
                0x0800082e       0x22 ./Core/Src/oled.o
                0x0800082e                IIC_delay
 .text.I2C_Start
                0x08000850       0x40 ./Core/Src/oled.o
                0x08000850                I2C_Start
 .text.I2C_Stop
                0x08000890       0x30 ./Core/Src/oled.o
                0x08000890                I2C_Stop
 .text.I2C_WaitAck
                0x080008c0       0x38 ./Core/Src/oled.o
                0x080008c0                I2C_WaitAck
 .text.Send_Byte
                0x080008f8       0x6c ./Core/Src/oled.o
                0x080008f8                Send_Byte
 .text.OLED_WR_Byte
                0x08000964       0x4e ./Core/Src/oled.o
                0x08000964                OLED_WR_Byte
 *fill*         0x080009b2        0x2 
 .text.OLED_Refresh
                0x080009b4       0x8c ./Core/Src/oled.o
                0x080009b4                OLED_Refresh
 .text.OLED_Clear
                0x08000a40       0x4c ./Core/Src/oled.o
                0x08000a40                OLED_Clear
 .text.OLED_DrawPoint
                0x08000a8c       0xcc ./Core/Src/oled.o
                0x08000a8c                OLED_DrawPoint
 .text.OLED_ShowChar
                0x08000b58      0x17c ./Core/Src/oled.o
                0x08000b58                OLED_ShowChar
 .text.OLED_ShowString
                0x08000cd4       0x64 ./Core/Src/oled.o
                0x08000cd4                OLED_ShowString
 .text.OLED_Init
                0x08000d38      0x14c ./Core/Src/oled.o
                0x08000d38                OLED_Init
 .text.HAL_MspInit
                0x08000e84       0x64 ./Core/Src/stm32f1xx_hal_msp.o
                0x08000e84                HAL_MspInit
 .text.NMI_Handler
                0x08000ee8        0x8 ./Core/Src/stm32f1xx_it.o
                0x08000ee8                NMI_Handler
 .text.HardFault_Handler
                0x08000ef0        0x8 ./Core/Src/stm32f1xx_it.o
                0x08000ef0                HardFault_Handler
 .text.MemManage_Handler
                0x08000ef8        0x8 ./Core/Src/stm32f1xx_it.o
                0x08000ef8                MemManage_Handler
 .text.BusFault_Handler
                0x08000f00        0x8 ./Core/Src/stm32f1xx_it.o
                0x08000f00                BusFault_Handler
 .text.UsageFault_Handler
                0x08000f08        0x8 ./Core/Src/stm32f1xx_it.o
                0x08000f08                UsageFault_Handler
 .text.SVC_Handler
                0x08000f10        0xc ./Core/Src/stm32f1xx_it.o
                0x08000f10                SVC_Handler
 .text.DebugMon_Handler
                0x08000f1c        0xc ./Core/Src/stm32f1xx_it.o
                0x08000f1c                DebugMon_Handler
 .text.PendSV_Handler
                0x08000f28        0xc ./Core/Src/stm32f1xx_it.o
                0x08000f28                PendSV_Handler
 .text.SysTick_Handler
                0x08000f34        0xc ./Core/Src/stm32f1xx_it.o
                0x08000f34                SysTick_Handler
 .text.TIM2_IRQHandler
                0x08000f40       0x14 ./Core/Src/stm32f1xx_it.o
                0x08000f40                TIM2_IRQHandler
 .text.SystemInit
                0x08000f54        0xc ./Core/Src/system_stm32f1xx.o
                0x08000f54                SystemInit
 .text.MX_TIM2_Init
                0x08000f60       0x9c ./Core/Src/tim.o
                0x08000f60                MX_TIM2_Init
 .text.HAL_TIM_Base_MspInit
                0x08000ffc       0x48 ./Core/Src/tim.o
                0x08000ffc                HAL_TIM_Base_MspInit
 .text.Reset_Handler
                0x08001044       0x48 ./Core/Startup/startup_stm32f103c8tx.o
                0x08001044                Reset_Handler
 .text.Default_Handler
                0x0800108c        0x2 ./Core/Startup/startup_stm32f103c8tx.o
                0x0800108c                RTC_Alarm_IRQHandler
                0x0800108c                EXTI2_IRQHandler
                0x0800108c                TIM1_CC_IRQHandler
                0x0800108c                PVD_IRQHandler
                0x0800108c                EXTI3_IRQHandler
                0x0800108c                EXTI0_IRQHandler
                0x0800108c                I2C2_EV_IRQHandler
                0x0800108c                ADC1_2_IRQHandler
                0x0800108c                SPI1_IRQHandler
                0x0800108c                TAMPER_IRQHandler
                0x0800108c                DMA1_Channel4_IRQHandler
                0x0800108c                USART3_IRQHandler
                0x0800108c                RTC_IRQHandler
                0x0800108c                DMA1_Channel7_IRQHandler
                0x0800108c                CAN1_RX1_IRQHandler
                0x0800108c                TIM4_IRQHandler
                0x0800108c                I2C1_EV_IRQHandler
                0x0800108c                DMA1_Channel6_IRQHandler
                0x0800108c                TIM3_IRQHandler
                0x0800108c                RCC_IRQHandler
                0x0800108c                TIM1_TRG_COM_IRQHandler
                0x0800108c                DMA1_Channel1_IRQHandler
                0x0800108c                Default_Handler
                0x0800108c                EXTI15_10_IRQHandler
                0x0800108c                EXTI9_5_IRQHandler
                0x0800108c                SPI2_IRQHandler
                0x0800108c                DMA1_Channel5_IRQHandler
                0x0800108c                EXTI4_IRQHandler
                0x0800108c                USB_LP_CAN1_RX0_IRQHandler
                0x0800108c                USB_HP_CAN1_TX_IRQHandler
                0x0800108c                DMA1_Channel3_IRQHandler
                0x0800108c                TIM1_UP_IRQHandler
                0x0800108c                WWDG_IRQHandler
                0x0800108c                TIM1_BRK_IRQHandler
                0x0800108c                EXTI1_IRQHandler
                0x0800108c                USART2_IRQHandler
                0x0800108c                I2C2_ER_IRQHandler
                0x0800108c                DMA1_Channel2_IRQHandler
                0x0800108c                CAN1_SCE_IRQHandler
                0x0800108c                FLASH_IRQHandler
                0x0800108c                USART1_IRQHandler
                0x0800108c                I2C1_ER_IRQHandler
                0x0800108c                USBWakeUp_IRQHandler
 *fill*         0x0800108e        0x2 
 .text.HAL_Init
                0x08001090       0x2c ./Drivers/STM32F1xx_HAL_Driver/Src/stm32f1xx_hal.o
                0x08001090                HAL_Init
 .text.HAL_InitTick
                0x080010bc       0x60 ./Drivers/STM32F1xx_HAL_Driver/Src/stm32f1xx_hal.o
                0x080010bc                HAL_InitTick
 .text.HAL_IncTick
                0x0800111c       0x24 ./Drivers/STM32F1xx_HAL_Driver/Src/stm32f1xx_hal.o
                0x0800111c                HAL_IncTick
 .text.HAL_GetTick
                0x08001140       0x14 ./Drivers/STM32F1xx_HAL_Driver/Src/stm32f1xx_hal.o
                0x08001140                HAL_GetTick
 .text.HAL_Delay
                0x08001154       0x48 ./Drivers/STM32F1xx_HAL_Driver/Src/stm32f1xx_hal.o
                0x08001154                HAL_Delay
 .text.__NVIC_SetPriorityGrouping
                0x0800119c       0x48 ./Drivers/STM32F1xx_HAL_Driver/Src/stm32f1xx_hal_cortex.o
 .text.__NVIC_GetPriorityGrouping
                0x080011e4       0x1c ./Drivers/STM32F1xx_HAL_Driver/Src/stm32f1xx_hal_cortex.o
 .text.__NVIC_EnableIRQ
                0x08001200       0x38 ./Drivers/STM32F1xx_HAL_Driver/Src/stm32f1xx_hal_cortex.o
 .text.__NVIC_SetPriority
                0x08001238       0x54 ./Drivers/STM32F1xx_HAL_Driver/Src/stm32f1xx_hal_cortex.o
 .text.NVIC_EncodePriority
                0x0800128c       0x64 ./Drivers/STM32F1xx_HAL_Driver/Src/stm32f1xx_hal_cortex.o
 .text.SysTick_Config
                0x080012f0       0x44 ./Drivers/STM32F1xx_HAL_Driver/Src/stm32f1xx_hal_cortex.o
 .text.HAL_NVIC_SetPriorityGrouping
                0x08001334       0x16 ./Drivers/STM32F1xx_HAL_Driver/Src/stm32f1xx_hal_cortex.o
                0x08001334                HAL_NVIC_SetPriorityGrouping
 .text.HAL_NVIC_SetPriority
                0x0800134a       0x38 ./Drivers/STM32F1xx_HAL_Driver/Src/stm32f1xx_hal_cortex.o
                0x0800134a                HAL_NVIC_SetPriority
 .text.HAL_NVIC_EnableIRQ
                0x08001382       0x1c ./Drivers/STM32F1xx_HAL_Driver/Src/stm32f1xx_hal_cortex.o
                0x08001382                HAL_NVIC_EnableIRQ
 .text.HAL_SYSTICK_Config
                0x0800139e       0x18 ./Drivers/STM32F1xx_HAL_Driver/Src/stm32f1xx_hal_cortex.o
                0x0800139e                HAL_SYSTICK_Config
 *fill*         0x080013b6        0x2 
 .text.HAL_GPIO_Init
                0x080013b8      0x308 ./Drivers/STM32F1xx_HAL_Driver/Src/stm32f1xx_hal_gpio.o
                0x080013b8                HAL_GPIO_Init
 .text.HAL_GPIO_ReadPin
                0x080016c0       0x2e ./Drivers/STM32F1xx_HAL_Driver/Src/stm32f1xx_hal_gpio.o
                0x080016c0                HAL_GPIO_ReadPin
 .text.HAL_GPIO_WritePin
                0x080016ee       0x30 ./Drivers/STM32F1xx_HAL_Driver/Src/stm32f1xx_hal_gpio.o
                0x080016ee                HAL_GPIO_WritePin
 *fill*         0x0800171e        0x2 
 .text.HAL_I2C_Init
                0x08001720      0x288 ./Drivers/STM32F1xx_HAL_Driver/Src/stm32f1xx_hal_i2c.o
                0x08001720                HAL_I2C_Init
 .text.HAL_RCC_OscConfig
                0x080019a8      0x504 ./Drivers/STM32F1xx_HAL_Driver/Src/stm32f1xx_hal_rcc.o
                0x080019a8                HAL_RCC_OscConfig
 .text.HAL_RCC_ClockConfig
                0x08001eac      0x1d4 ./Drivers/STM32F1xx_HAL_Driver/Src/stm32f1xx_hal_rcc.o
                0x08001eac                HAL_RCC_ClockConfig
 .text.HAL_RCC_GetSysClockFreq
                0x08002080       0xa8 ./Drivers/STM32F1xx_HAL_Driver/Src/stm32f1xx_hal_rcc.o
                0x08002080                HAL_RCC_GetSysClockFreq
 .text.HAL_RCC_GetHCLKFreq
                0x08002128       0x14 ./Drivers/STM32F1xx_HAL_Driver/Src/stm32f1xx_hal_rcc.o
                0x08002128                HAL_RCC_GetHCLKFreq
 .text.HAL_RCC_GetPCLK1Freq
                0x0800213c       0x28 ./Drivers/STM32F1xx_HAL_Driver/Src/stm32f1xx_hal_rcc.o
                0x0800213c                HAL_RCC_GetPCLK1Freq
 .text.RCC_Delay
                0x08002164       0x3c ./Drivers/STM32F1xx_HAL_Driver/Src/stm32f1xx_hal_rcc.o
 .text.HAL_TIM_Base_Init
                0x080021a0       0x9e ./Drivers/STM32F1xx_HAL_Driver/Src/stm32f1xx_hal_tim.o
                0x080021a0                HAL_TIM_Base_Init
 *fill*         0x0800223e        0x2 
 .text.HAL_TIM_Base_Start_IT
                0x08002240       0xa4 ./Drivers/STM32F1xx_HAL_Driver/Src/stm32f1xx_hal_tim.o
                0x08002240                HAL_TIM_Base_Start_IT
 .text.HAL_TIM_IRQHandler
                0x080022e4      0x1e0 ./Drivers/STM32F1xx_HAL_Driver/Src/stm32f1xx_hal_tim.o
                0x080022e4                HAL_TIM_IRQHandler
 .text.HAL_TIM_ConfigClockSource
                0x080024c4      0x18e ./Drivers/STM32F1xx_HAL_Driver/Src/stm32f1xx_hal_tim.o
                0x080024c4                HAL_TIM_ConfigClockSource
 .text.HAL_TIM_OC_DelayElapsedCallback
                0x08002652       0x12 ./Drivers/STM32F1xx_HAL_Driver/Src/stm32f1xx_hal_tim.o
                0x08002652                HAL_TIM_OC_DelayElapsedCallback
 .text.HAL_TIM_IC_CaptureCallback
                0x08002664       0x12 ./Drivers/STM32F1xx_HAL_Driver/Src/stm32f1xx_hal_tim.o
                0x08002664                HAL_TIM_IC_CaptureCallback
 .text.HAL_TIM_PWM_PulseFinishedCallback
                0x08002676       0x12 ./Drivers/STM32F1xx_HAL_Driver/Src/stm32f1xx_hal_tim.o
                0x08002676                HAL_TIM_PWM_PulseFinishedCallback
 .text.HAL_TIM_TriggerCallback
                0x08002688       0x12 ./Drivers/STM32F1xx_HAL_Driver/Src/stm32f1xx_hal_tim.o
                0x08002688                HAL_TIM_TriggerCallback
 *fill*         0x0800269a        0x2 
 .text.TIM_Base_SetConfig
                0x0800269c       0xdc ./Drivers/STM32F1xx_HAL_Driver/Src/stm32f1xx_hal_tim.o
                0x0800269c                TIM_Base_SetConfig
 .text.TIM_TI1_ConfigInputStage
                0x08002778       0x5c ./Drivers/STM32F1xx_HAL_Driver/Src/stm32f1xx_hal_tim.o
 .text.TIM_TI2_ConfigInputStage
                0x080027d4       0x5e ./Drivers/STM32F1xx_HAL_Driver/Src/stm32f1xx_hal_tim.o
 .text.TIM_ITRx_SetConfig
                0x08002832       0x34 ./Drivers/STM32F1xx_HAL_Driver/Src/stm32f1xx_hal_tim.o
 .text.TIM_ETR_SetConfig
                0x08002866       0x3e ./Drivers/STM32F1xx_HAL_Driver/Src/stm32f1xx_hal_tim.o
                0x08002866                TIM_ETR_SetConfig
 .text.HAL_TIMEx_MasterConfigSynchronization
                0x080028a4       0xbc ./Drivers/STM32F1xx_HAL_Driver/Src/stm32f1xx_hal_tim_ex.o
                0x080028a4                HAL_TIMEx_MasterConfigSynchronization
 .text.HAL_TIMEx_CommutCallback
                0x08002960       0x12 ./Drivers/STM32F1xx_HAL_Driver/Src/stm32f1xx_hal_tim_ex.o
                0x08002960                HAL_TIMEx_CommutCallback
 .text.HAL_TIMEx_BreakCallback
                0x08002972       0x12 ./Drivers/STM32F1xx_HAL_Driver/Src/stm32f1xx_hal_tim_ex.o
                0x08002972                HAL_TIMEx_BreakCallback
 .text.memset   0x08002984       0x10 D:/stm32/STM32CubeIDE_1.19.0/STM32CubeIDE/plugins/com.st.stm32cube.ide.mcu.externaltools.gnu-tools-for-stm32.13.3.rel1.win32_1.0.0.202411081344/tools/bin/../lib/gcc/arm-none-eabi/13.3.1/../../../../arm-none-eabi/lib/thumb/v7-m/nofp\libc_nano.a(libc_a-memset.o)
                0x08002984                memset
 .text.strncpy  0x08002994       0x26 D:/stm32/STM32CubeIDE_1.19.0/STM32CubeIDE/plugins/com.st.stm32cube.ide.mcu.externaltools.gnu-tools-for-stm32.13.3.rel1.win32_1.0.0.202411081344/tools/bin/../lib/gcc/arm-none-eabi/13.3.1/../../../../arm-none-eabi/lib/thumb/v7-m/nofp\libc_nano.a(libc_a-strncpy.o)
                0x08002994                strncpy
 *fill*         0x080029ba        0x2 
 .text.__libc_init_array
                0x080029bc       0x48 D:/stm32/STM32CubeIDE_1.19.0/STM32CubeIDE/plugins/com.st.stm32cube.ide.mcu.externaltools.gnu-tools-for-stm32.13.3.rel1.win32_1.0.0.202411081344/tools/bin/../lib/gcc/arm-none-eabi/13.3.1/../../../../arm-none-eabi/lib/thumb/v7-m/nofp\libc_nano.a(libc_a-init.o)
                0x080029bc                __libc_init_array
 *(.glue_7)
 .glue_7        0x08002a04        0x0 linker stubs
 *(.glue_7t)
 .glue_7t       0x08002a04        0x0 linker stubs
 *(.eh_frame)
 .eh_frame      0x08002a04        0x0 D:/stm32/STM32CubeIDE_1.19.0/STM32CubeIDE/plugins/com.st.stm32cube.ide.mcu.externaltools.gnu-tools-for-stm32.13.3.rel1.win32_1.0.0.202411081344/tools/bin/../lib/gcc/arm-none-eabi/13.3.1/thumb/v7-m/nofp/crtbegin.o
 *(.init)
 .init          0x08002a04        0x4 D:/stm32/STM32CubeIDE_1.19.0/STM32CubeIDE/plugins/com.st.stm32cube.ide.mcu.externaltools.gnu-tools-for-stm32.13.3.rel1.win32_1.0.0.202411081344/tools/bin/../lib/gcc/arm-none-eabi/13.3.1/thumb/v7-m/nofp/crti.o
                0x08002a04                _init
 .init          0x08002a08        0x8 D:/stm32/STM32CubeIDE_1.19.0/STM32CubeIDE/plugins/com.st.stm32cube.ide.mcu.externaltools.gnu-tools-for-stm32.13.3.rel1.win32_1.0.0.202411081344/tools/bin/../lib/gcc/arm-none-eabi/13.3.1/thumb/v7-m/nofp/crtn.o
 *(.fini)
 .fini          0x08002a10        0x4 D:/stm32/STM32CubeIDE_1.19.0/STM32CubeIDE/plugins/com.st.stm32cube.ide.mcu.externaltools.gnu-tools-for-stm32.13.3.rel1.win32_1.0.0.202411081344/tools/bin/../lib/gcc/arm-none-eabi/13.3.1/thumb/v7-m/nofp/crti.o
                0x08002a10                _fini
 .fini          0x08002a14        0x8 D:/stm32/STM32CubeIDE_1.19.0/STM32CubeIDE/plugins/com.st.stm32cube.ide.mcu.externaltools.gnu-tools-for-stm32.13.3.rel1.win32_1.0.0.202411081344/tools/bin/../lib/gcc/arm-none-eabi/13.3.1/thumb/v7-m/nofp/crtn.o
                0x08002a1c                        . = ALIGN (0x4)
                0x08002a1c                        _etext = .

.vfp11_veneer   0x08002a1c        0x0
 .vfp11_veneer  0x08002a1c        0x0 linker stubs

.v4_bx          0x08002a1c        0x0
 .v4_bx         0x08002a1c        0x0 linker stubs

.iplt           0x08002a1c        0x0
 .iplt          0x08002a1c        0x0 D:/stm32/STM32CubeIDE_1.19.0/STM32CubeIDE/plugins/com.st.stm32cube.ide.mcu.externaltools.gnu-tools-for-stm32.13.3.rel1.win32_1.0.0.202411081344/tools/bin/../lib/gcc/arm-none-eabi/13.3.1/thumb/v7-m/nofp/crtbegin.o

.rodata         0x08002a1c     0x1a88
                0x08002a1c                        . = ALIGN (0x4)
 *(.rodata)
 .rodata        0x08002a1c       0x71 ./Core/Src/main.o
 *(.rodata*)
 *fill*         0x08002a8d        0x3 
 .rodata.asc2_0806
                0x08002a90      0x228 ./Core/Src/oled.o
                0x08002a90                asc2_0806
 .rodata.asc2_1206
                0x08002cb8      0x474 ./Core/Src/oled.o
                0x08002cb8                asc2_1206
 .rodata.asc2_1608
                0x0800312c      0x5f0 ./Core/Src/oled.o
                0x0800312c                asc2_1608
 .rodata.asc2_2412
                0x0800371c      0xd5c ./Core/Src/oled.o
                0x0800371c                asc2_2412
 .rodata.AHBPrescTable
                0x08004478       0x10 ./Core/Src/system_stm32f1xx.o
                0x08004478                AHBPrescTable
 .rodata.APBPrescTable
                0x08004488        0x8 ./Core/Src/system_stm32f1xx.o
                0x08004488                APBPrescTable
 .rodata.aPLLMULFactorTable.1
                0x08004490       0x10 ./Drivers/STM32F1xx_HAL_Driver/Src/stm32f1xx_hal_rcc.o
 .rodata.aPredivFactorTable.0
                0x080044a0        0x2 ./Drivers/STM32F1xx_HAL_Driver/Src/stm32f1xx_hal_rcc.o
                0x080044a4                        . = ALIGN (0x4)
 *fill*         0x080044a2        0x2 

.ARM.extab      0x080044a4        0x0
                0x080044a4                        . = ALIGN (0x4)
 *(.ARM.extab* .gnu.linkonce.armextab.*)
                0x080044a4                        . = ALIGN (0x4)

.ARM            0x080044a4        0x0
                0x080044a4                        . = ALIGN (0x4)
                0x080044a4                        __exidx_start = .
 *(.ARM.exidx*)
                0x080044a4                        __exidx_end = .
                0x080044a4                        . = ALIGN (0x4)

.preinit_array  0x080044a4        0x0
                0x080044a4                        . = ALIGN (0x4)
                0x080044a4                        PROVIDE (__preinit_array_start = .)
 *(.preinit_array*)
                0x080044a4                        PROVIDE (__preinit_array_end = .)
                0x080044a4                        . = ALIGN (0x4)

.init_array     0x080044a4        0x4
                0x080044a4                        . = ALIGN (0x4)
                0x080044a4                        PROVIDE (__init_array_start = .)
 *(SORT_BY_NAME(.init_array.*))
 *(.init_array*)
 .init_array    0x080044a4        0x4 D:/stm32/STM32CubeIDE_1.19.0/STM32CubeIDE/plugins/com.st.stm32cube.ide.mcu.externaltools.gnu-tools-for-stm32.13.3.rel1.win32_1.0.0.202411081344/tools/bin/../lib/gcc/arm-none-eabi/13.3.1/thumb/v7-m/nofp/crtbegin.o
                0x080044a8                        PROVIDE (__init_array_end = .)
                0x080044a8                        . = ALIGN (0x4)

.fini_array     0x080044a8        0x4
                0x080044a8                        . = ALIGN (0x4)
                [!provide]                        PROVIDE (__fini_array_start = .)
 *(SORT_BY_NAME(.fini_array.*))
 *(.fini_array*)
 .fini_array    0x080044a8        0x4 D:/stm32/STM32CubeIDE_1.19.0/STM32CubeIDE/plugins/com.st.stm32cube.ide.mcu.externaltools.gnu-tools-for-stm32.13.3.rel1.win32_1.0.0.202411081344/tools/bin/../lib/gcc/arm-none-eabi/13.3.1/thumb/v7-m/nofp/crtbegin.o
                [!provide]                        PROVIDE (__fini_array_end = .)
                0x080044ac                        . = ALIGN (0x4)
                0x080044ac                        _sidata = LOADADDR (.data)

.rel.dyn        0x080044ac        0x0
 .rel.iplt      0x080044ac        0x0 D:/stm32/STM32CubeIDE_1.19.0/STM32CubeIDE/plugins/com.st.stm32cube.ide.mcu.externaltools.gnu-tools-for-stm32.13.3.rel1.win32_1.0.0.202411081344/tools/bin/../lib/gcc/arm-none-eabi/13.3.1/thumb/v7-m/nofp/crtbegin.o

.data           0x20000000        0xc load address 0x080044ac
                0x20000000                        . = ALIGN (0x4)
                0x20000000                        _sdata = .
 *(.data)
 *(.data*)
 .data.SystemCoreClock
                0x20000000        0x4 ./Core/Src/system_stm32f1xx.o
                0x20000000                SystemCoreClock
 .data.uwTickPrio
                0x20000004        0x4 ./Drivers/STM32F1xx_HAL_Driver/Src/stm32f1xx_hal.o
                0x20000004                uwTickPrio
 .data.uwTickFreq
                0x20000008        0x1 ./Drivers/STM32F1xx_HAL_Driver/Src/stm32f1xx_hal.o
                0x20000008                uwTickFreq
 *(.RamFunc)
 *(.RamFunc*)
                0x2000000c                        . = ALIGN (0x4)
 *fill*         0x20000009        0x3 
                0x2000000c                        _edata = .

.igot.plt       0x2000000c        0x0 load address 0x080044b8
 .igot.plt      0x2000000c        0x0 D:/stm32/STM32CubeIDE_1.19.0/STM32CubeIDE/plugins/com.st.stm32cube.ide.mcu.externaltools.gnu-tools-for-stm32.13.3.rel1.win32_1.0.0.202411081344/tools/bin/../lib/gcc/arm-none-eabi/13.3.1/thumb/v7-m/nofp/crtbegin.o
                0x2000000c                        . = ALIGN (0x4)

.bss            0x2000000c      0x938 load address 0x080044b8
                0x2000000c                        _sbss = .
                0x2000000c                        __bss_start__ = _sbss
 *(.bss)
 .bss           0x2000000c       0x1c D:/stm32/STM32CubeIDE_1.19.0/STM32CubeIDE/plugins/com.st.stm32cube.ide.mcu.externaltools.gnu-tools-for-stm32.13.3.rel1.win32_1.0.0.202411081344/tools/bin/../lib/gcc/arm-none-eabi/13.3.1/thumb/v7-m/nofp/crtbegin.o
 *(.bss*)
 .bss.hi2c1     0x20000028       0x54 ./Core/Src/i2c.o
                0x20000028                hi2c1
 .bss.recv_bin  0x2000007c      0x3e8 ./Core/Src/main.o
                0x2000007c                recv_bin
 .bss.recv_cnt  0x20000464        0x1 ./Core/Src/main.o
                0x20000464                recv_cnt
 .bss.reception_started
                0x20000465        0x1 ./Core/Src/main.o
                0x20000465                reception_started
 *fill*         0x20000466        0x2 
 .bss.laser_on_start_time
                0x20000468        0x4 ./Core/Src/main.o
                0x20000468                laser_on_start_time
 .bss.is_count  0x2000046c        0x1 ./Core/Src/main.o
                0x2000046c                is_count
 .bss.start     0x2000046d        0x1 ./Core/Src/main.o
                0x2000046d                start
 *fill*         0x2000046e        0x2 
 .bss.three_second_counter
                0x20000470        0x4 ./Core/Src/main.o
                0x20000470                three_second_counter
 .bss.is_show   0x20000474        0x1 ./Core/Src/main.o
                0x20000474                is_show
 .bss.waiting_start.0
                0x20000475        0x1 ./Core/Src/main.o
 *fill*         0x20000476        0x2 
 .bss.OLED_GRAM
                0x20000478      0x480 ./Core/Src/oled.o
                0x20000478                OLED_GRAM
 .bss.htim2     0x200008f8       0x48 ./Core/Src/tim.o
                0x200008f8                htim2
 .bss.uwTick    0x20000940        0x4 ./Drivers/STM32F1xx_HAL_Driver/Src/stm32f1xx_hal.o
                0x20000940                uwTick
 *(COMMON)
                0x20000944                        . = ALIGN (0x4)
                0x20000944                        _ebss = .
                0x20000944                        __bss_end__ = _ebss

._user_heap_stack
                0x20000944      0x604 load address 0x080044b8
                0x20000948                        . = ALIGN (0x8)
 *fill*         0x20000944        0x4 
                [!provide]                        PROVIDE (end = .)
                0x20000948                        PROVIDE (_end = .)
                0x20000b48                        . = (. + _Min_Heap_Size)
 *fill*         0x20000948      0x200 
                0x20000f48                        . = (. + _Min_Stack_Size)
 *fill*         0x20000b48      0x400 
                0x20000f48                        . = ALIGN (0x8)

/DISCARD/
 libc.a(*)
 libm.a(*)
 libgcc.a(*)

.ARM.attributes
                0x00000000       0x29
 *(.ARM.attributes)
 .ARM.attributes
                0x00000000       0x1d D:/stm32/STM32CubeIDE_1.19.0/STM32CubeIDE/plugins/com.st.stm32cube.ide.mcu.externaltools.gnu-tools-for-stm32.13.3.rel1.win32_1.0.0.202411081344/tools/bin/../lib/gcc/arm-none-eabi/13.3.1/thumb/v7-m/nofp/crti.o
 .ARM.attributes
                0x0000001d       0x2d D:/stm32/STM32CubeIDE_1.19.0/STM32CubeIDE/plugins/com.st.stm32cube.ide.mcu.externaltools.gnu-tools-for-stm32.13.3.rel1.win32_1.0.0.202411081344/tools/bin/../lib/gcc/arm-none-eabi/13.3.1/thumb/v7-m/nofp/crtbegin.o
 .ARM.attributes
                0x0000004a       0x2d ./Core/Src/gpio.o
 .ARM.attributes
                0x00000077       0x2d ./Core/Src/i2c.o
 .ARM.attributes
                0x000000a4       0x2d ./Core/Src/main.o
 .ARM.attributes
                0x000000d1       0x2d ./Core/Src/oled.o
 .ARM.attributes
                0x000000fe       0x2d ./Core/Src/stm32f1xx_hal_msp.o
 .ARM.attributes
                0x0000012b       0x2d ./Core/Src/stm32f1xx_it.o
 .ARM.attributes
                0x00000158       0x2d ./Core/Src/system_stm32f1xx.o
 .ARM.attributes
                0x00000185       0x2d ./Core/Src/tim.o
 .ARM.attributes
                0x000001b2       0x21 ./Core/Startup/startup_stm32f103c8tx.o
 .ARM.attributes
                0x000001d3       0x2d ./Drivers/STM32F1xx_HAL_Driver/Src/stm32f1xx_hal.o
 .ARM.attributes
                0x00000200       0x2d ./Drivers/STM32F1xx_HAL_Driver/Src/stm32f1xx_hal_cortex.o
 .ARM.attributes
                0x0000022d       0x2d ./Drivers/STM32F1xx_HAL_Driver/Src/stm32f1xx_hal_gpio.o
 .ARM.attributes
                0x0000025a       0x2d ./Drivers/STM32F1xx_HAL_Driver/Src/stm32f1xx_hal_i2c.o
 .ARM.attributes
                0x00000287       0x2d ./Drivers/STM32F1xx_HAL_Driver/Src/stm32f1xx_hal_rcc.o
 .ARM.attributes
                0x000002b4       0x2d ./Drivers/STM32F1xx_HAL_Driver/Src/stm32f1xx_hal_tim.o
 .ARM.attributes
                0x000002e1       0x2d ./Drivers/STM32F1xx_HAL_Driver/Src/stm32f1xx_hal_tim_ex.o
 .ARM.attributes
                0x0000030e       0x2d D:/stm32/STM32CubeIDE_1.19.0/STM32CubeIDE/plugins/com.st.stm32cube.ide.mcu.externaltools.gnu-tools-for-stm32.13.3.rel1.win32_1.0.0.202411081344/tools/bin/../lib/gcc/arm-none-eabi/13.3.1/../../../../arm-none-eabi/lib/thumb/v7-m/nofp\libc_nano.a(libc_a-memset.o)
 .ARM.attributes
                0x0000033b       0x2d D:/stm32/STM32CubeIDE_1.19.0/STM32CubeIDE/plugins/com.st.stm32cube.ide.mcu.externaltools.gnu-tools-for-stm32.13.3.rel1.win32_1.0.0.202411081344/tools/bin/../lib/gcc/arm-none-eabi/13.3.1/../../../../arm-none-eabi/lib/thumb/v7-m/nofp\libc_nano.a(libc_a-strncpy.o)
 .ARM.attributes
                0x00000368       0x2d D:/stm32/STM32CubeIDE_1.19.0/STM32CubeIDE/plugins/com.st.stm32cube.ide.mcu.externaltools.gnu-tools-for-stm32.13.3.rel1.win32_1.0.0.202411081344/tools/bin/../lib/gcc/arm-none-eabi/13.3.1/../../../../arm-none-eabi/lib/thumb/v7-m/nofp\libc_nano.a(libc_a-init.o)
 .ARM.attributes
                0x00000395       0x1d D:/stm32/STM32CubeIDE_1.19.0/STM32CubeIDE/plugins/com.st.stm32cube.ide.mcu.externaltools.gnu-tools-for-stm32.13.3.rel1.win32_1.0.0.202411081344/tools/bin/../lib/gcc/arm-none-eabi/13.3.1/thumb/v7-m/nofp/crtn.o
OUTPUT(CaOOOOOO.elf elf32-littlearm)
LOAD linker stubs
LOAD D:/stm32/STM32CubeIDE_1.19.0/STM32CubeIDE/plugins/com.st.stm32cube.ide.mcu.externaltools.gnu-tools-for-stm32.13.3.rel1.win32_1.0.0.202411081344/tools/bin/../lib/gcc/arm-none-eabi/13.3.1/../../../../arm-none-eabi/lib/thumb/v7-m/nofp\libc.a
LOAD D:/stm32/STM32CubeIDE_1.19.0/STM32CubeIDE/plugins/com.st.stm32cube.ide.mcu.externaltools.gnu-tools-for-stm32.13.3.rel1.win32_1.0.0.202411081344/tools/bin/../lib/gcc/arm-none-eabi/13.3.1/../../../../arm-none-eabi/lib/thumb/v7-m/nofp\libm.a
LOAD D:/stm32/STM32CubeIDE_1.19.0/STM32CubeIDE/plugins/com.st.stm32cube.ide.mcu.externaltools.gnu-tools-for-stm32.13.3.rel1.win32_1.0.0.202411081344/tools/bin/../lib/gcc/arm-none-eabi/13.3.1/thumb/v7-m/nofp\libgcc.a

.debug_info     0x00000000     0xba15
 .debug_info    0x00000000      0x2b7 ./Core/Src/gpio.o
 .debug_info    0x000002b7      0x7e3 ./Core/Src/i2c.o
 .debug_info    0x00000a9a      0xd6e ./Core/Src/main.o
 .debug_info    0x00001808      0xb4b ./Core/Src/oled.o
 .debug_info    0x00002353      0x1f1 ./Core/Src/stm32f1xx_hal_msp.o
 .debug_info    0x00002544      0x6a1 ./Core/Src/stm32f1xx_it.o
 .debug_info    0x00002be5      0x222 ./Core/Src/system_stm32f1xx.o
 .debug_info    0x00002e07      0x9bb ./Core/Src/tim.o
 .debug_info    0x000037c2       0x30 ./Core/Startup/startup_stm32f103c8tx.o
 .debug_info    0x000037f2      0x704 ./Drivers/STM32F1xx_HAL_Driver/Src/stm32f1xx_hal.o
 .debug_info    0x00003ef6      0xa87 ./Drivers/STM32F1xx_HAL_Driver/Src/stm32f1xx_hal_cortex.o
 .debug_info    0x0000497d      0x5ab ./Drivers/STM32F1xx_HAL_Driver/Src/stm32f1xx_hal_gpio.o
 .debug_info    0x00004f28     0x2524 ./Drivers/STM32F1xx_HAL_Driver/Src/stm32f1xx_hal_i2c.o
 .debug_info    0x0000744c      0x7d5 ./Drivers/STM32F1xx_HAL_Driver/Src/stm32f1xx_hal_rcc.o
 .debug_info    0x00007c21     0x2959 ./Drivers/STM32F1xx_HAL_Driver/Src/stm32f1xx_hal_tim.o
 .debug_info    0x0000a57a     0x149b ./Drivers/STM32F1xx_HAL_Driver/Src/stm32f1xx_hal_tim_ex.o

.debug_abbrev   0x00000000     0x2025
 .debug_abbrev  0x00000000      0x13f ./Core/Src/gpio.o
 .debug_abbrev  0x0000013f      0x1de ./Core/Src/i2c.o
 .debug_abbrev  0x0000031d      0x379 ./Core/Src/main.o
 .debug_abbrev  0x00000696      0x2a0 ./Core/Src/oled.o
 .debug_abbrev  0x00000936       0xdb ./Core/Src/stm32f1xx_hal_msp.o
 .debug_abbrev  0x00000a11      0x191 ./Core/Src/stm32f1xx_it.o
 .debug_abbrev  0x00000ba2      0x13f ./Core/Src/system_stm32f1xx.o
 .debug_abbrev  0x00000ce1      0x20e ./Core/Src/tim.o
 .debug_abbrev  0x00000eef       0x24 ./Core/Startup/startup_stm32f103c8tx.o
 .debug_abbrev  0x00000f13      0x201 ./Drivers/STM32F1xx_HAL_Driver/Src/stm32f1xx_hal.o
 .debug_abbrev  0x00001114      0x2f8 ./Drivers/STM32F1xx_HAL_Driver/Src/stm32f1xx_hal_cortex.o
 .debug_abbrev  0x0000140c      0x1ca ./Drivers/STM32F1xx_HAL_Driver/Src/stm32f1xx_hal_gpio.o
 .debug_abbrev  0x000015d6      0x2a3 ./Drivers/STM32F1xx_HAL_Driver/Src/stm32f1xx_hal_i2c.o
 .debug_abbrev  0x00001879      0x2b3 ./Drivers/STM32F1xx_HAL_Driver/Src/stm32f1xx_hal_rcc.o
 .debug_abbrev  0x00001b2c      0x277 ./Drivers/STM32F1xx_HAL_Driver/Src/stm32f1xx_hal_tim.o
 .debug_abbrev  0x00001da3      0x282 ./Drivers/STM32F1xx_HAL_Driver/Src/stm32f1xx_hal_tim_ex.o

.debug_aranges  0x00000000      0xd28
 .debug_aranges
                0x00000000       0x20 ./Core/Src/gpio.o
 .debug_aranges
                0x00000020       0x30 ./Core/Src/i2c.o
 .debug_aranges
                0x00000050       0x58 ./Core/Src/main.o
 .debug_aranges
                0x000000a8       0xd0 ./Core/Src/oled.o
 .debug_aranges
                0x00000178       0x20 ./Core/Src/stm32f1xx_hal_msp.o
 .debug_aranges
                0x00000198       0x68 ./Core/Src/stm32f1xx_it.o
 .debug_aranges
                0x00000200       0x28 ./Core/Src/system_stm32f1xx.o
 .debug_aranges
                0x00000228       0x30 ./Core/Src/tim.o
 .debug_aranges
                0x00000258       0x28 ./Core/Startup/startup_stm32f103c8tx.o
 .debug_aranges
                0x00000280       0xe0 ./Drivers/STM32F1xx_HAL_Driver/Src/stm32f1xx_hal.o
 .debug_aranges
                0x00000360      0x100 ./Drivers/STM32F1xx_HAL_Driver/Src/stm32f1xx_hal_cortex.o
 .debug_aranges
                0x00000460       0x58 ./Drivers/STM32F1xx_HAL_Driver/Src/stm32f1xx_hal_gpio.o
 .debug_aranges
                0x000004b8      0x2a8 ./Drivers/STM32F1xx_HAL_Driver/Src/stm32f1xx_hal_i2c.o
 .debug_aranges
                0x00000760       0x90 ./Drivers/STM32F1xx_HAL_Driver/Src/stm32f1xx_hal_rcc.o
 .debug_aranges
                0x000007f0      0x3d0 ./Drivers/STM32F1xx_HAL_Driver/Src/stm32f1xx_hal_tim.o
 .debug_aranges
                0x00000bc0      0x168 ./Drivers/STM32F1xx_HAL_Driver/Src/stm32f1xx_hal_tim_ex.o

.debug_rnglists
                0x00000000      0xa48
 .debug_rnglists
                0x00000000       0x14 ./Core/Src/gpio.o
 .debug_rnglists
                0x00000014       0x1f ./Core/Src/i2c.o
 .debug_rnglists
                0x00000033       0x41 ./Core/Src/main.o
 .debug_rnglists
                0x00000074       0xa1 ./Core/Src/oled.o
 .debug_rnglists
                0x00000115       0x13 ./Core/Src/stm32f1xx_hal_msp.o
 .debug_rnglists
                0x00000128       0x49 ./Core/Src/stm32f1xx_it.o
 .debug_rnglists
                0x00000171       0x1a ./Core/Src/system_stm32f1xx.o
 .debug_rnglists
                0x0000018b       0x20 ./Core/Src/tim.o
 .debug_rnglists
                0x000001ab       0x19 ./Core/Startup/startup_stm32f103c8tx.o
 .debug_rnglists
                0x000001c4       0xa3 ./Drivers/STM32F1xx_HAL_Driver/Src/stm32f1xx_hal.o
 .debug_rnglists
                0x00000267       0xbb ./Drivers/STM32F1xx_HAL_Driver/Src/stm32f1xx_hal_cortex.o
 .debug_rnglists
                0x00000322       0x3f ./Drivers/STM32F1xx_HAL_Driver/Src/stm32f1xx_hal_gpio.o
 .debug_rnglists
                0x00000361      0x23c ./Drivers/STM32F1xx_HAL_Driver/Src/stm32f1xx_hal_i2c.o
 .debug_rnglists
                0x0000059d       0x6c ./Drivers/STM32F1xx_HAL_Driver/Src/stm32f1xx_hal_rcc.o
 .debug_rnglists
                0x00000609      0x31a ./Drivers/STM32F1xx_HAL_Driver/Src/stm32f1xx_hal_tim.o
 .debug_rnglists
                0x00000923      0x125 ./Drivers/STM32F1xx_HAL_Driver/Src/stm32f1xx_hal_tim_ex.o

.debug_macro    0x00000000    0x17df9
 .debug_macro   0x00000000      0x1b7 ./Core/Src/gpio.o
 .debug_macro   0x000001b7      0xacc ./Core/Src/gpio.o
 .debug_macro   0x00000c83      0x21b ./Core/Src/gpio.o
 .debug_macro   0x00000e9e       0x2e ./Core/Src/gpio.o
 .debug_macro   0x00000ecc       0x22 ./Core/Src/gpio.o
 .debug_macro   0x00000eee       0x22 ./Core/Src/gpio.o
 .debug_macro   0x00000f10       0x8e ./Core/Src/gpio.o
 .debug_macro   0x00000f9e       0x51 ./Core/Src/gpio.o
 .debug_macro   0x00000fef      0x103 ./Core/Src/gpio.o
 .debug_macro   0x000010f2       0x6a ./Core/Src/gpio.o
 .debug_macro   0x0000115c      0x1df ./Core/Src/gpio.o
 .debug_macro   0x0000133b       0x1c ./Core/Src/gpio.o
 .debug_macro   0x00001357       0x22 ./Core/Src/gpio.o
 .debug_macro   0x00001379       0xbd ./Core/Src/gpio.o
 .debug_macro   0x00001436      0xd23 ./Core/Src/gpio.o
 .debug_macro   0x00002159     0xe09e ./Core/Src/gpio.o
 .debug_macro   0x000101f7       0x6d ./Core/Src/gpio.o
 .debug_macro   0x00010264     0x34a2 ./Core/Src/gpio.o
 .debug_macro   0x00013706      0x190 ./Core/Src/gpio.o
 .debug_macro   0x00013896       0x5c ./Core/Src/gpio.o
 .debug_macro   0x000138f2      0x5bc ./Core/Src/gpio.o
 .debug_macro   0x00013eae      0x289 ./Core/Src/gpio.o
 .debug_macro   0x00014137      0x1cb ./Core/Src/gpio.o
 .debug_macro   0x00014302      0x114 ./Core/Src/gpio.o
 .debug_macro   0x00014416      0x1b2 ./Core/Src/gpio.o
 .debug_macro   0x000145c8       0x27 ./Core/Src/gpio.o
 .debug_macro   0x000145ef      0x136 ./Core/Src/gpio.o
 .debug_macro   0x00014725      0x1bc ./Core/Src/gpio.o
 .debug_macro   0x000148e1       0x34 ./Core/Src/gpio.o
 .debug_macro   0x00014915       0x3c ./Core/Src/gpio.o
 .debug_macro   0x00014951       0x57 ./Core/Src/gpio.o
 .debug_macro   0x000149a8       0x87 ./Core/Src/gpio.o
 .debug_macro   0x00014a2f      0x240 ./Core/Src/gpio.o
 .debug_macro   0x00014c6f      0x287 ./Core/Src/gpio.o
 .debug_macro   0x00014ef6      0x140 ./Core/Src/gpio.o
 .debug_macro   0x00015036      0x8ed ./Core/Src/gpio.o
 .debug_macro   0x00015923       0x83 ./Core/Src/gpio.o
 .debug_macro   0x000159a6      0x1b7 ./Core/Src/i2c.o
 .debug_macro   0x00015b5d      0x1db ./Core/Src/main.o
 .debug_macro   0x00015d38      0x28c ./Core/Src/oled.o
 .debug_macro   0x00015fc4       0x24 ./Core/Src/oled.o
 .debug_macro   0x00015fe8       0x5b ./Core/Src/oled.o
 .debug_macro   0x00016043       0x94 ./Core/Src/oled.o
 .debug_macro   0x000160d7       0x43 ./Core/Src/oled.o
 .debug_macro   0x0001611a       0x34 ./Core/Src/oled.o
 .debug_macro   0x0001614e       0x16 ./Core/Src/oled.o
 .debug_macro   0x00016164      0x11c ./Core/Src/oled.o
 .debug_macro   0x00016280       0x9b ./Core/Src/oled.o
 .debug_macro   0x0001631b       0x57 ./Core/Src/oled.o
 .debug_macro   0x00016372      0x370 ./Core/Src/oled.o
 .debug_macro   0x000166e2       0x16 ./Core/Src/oled.o
 .debug_macro   0x000166f8       0x4a ./Core/Src/oled.o
 .debug_macro   0x00016742       0x34 ./Core/Src/oled.o
 .debug_macro   0x00016776       0x10 ./Core/Src/oled.o
 .debug_macro   0x00016786       0x58 ./Core/Src/oled.o
 .debug_macro   0x000167de       0x8e ./Core/Src/oled.o
 .debug_macro   0x0001686c       0x1c ./Core/Src/oled.o
 .debug_macro   0x00016888      0x185 ./Core/Src/oled.o
 .debug_macro   0x00016a0d       0x16 ./Core/Src/oled.o
 .debug_macro   0x00016a23       0x29 ./Core/Src/oled.o
 .debug_macro   0x00016a4c       0x56 ./Core/Src/oled.o
 .debug_macro   0x00016aa2       0x34 ./Core/Src/oled.o
 .debug_macro   0x00016ad6      0x1ad ./Core/Src/stm32f1xx_hal_msp.o
 .debug_macro   0x00016c83      0x1b7 ./Core/Src/stm32f1xx_it.o
 .debug_macro   0x00016e3a      0x1a3 ./Core/Src/system_stm32f1xx.o
 .debug_macro   0x00016fdd      0x1b7 ./Core/Src/tim.o
 .debug_macro   0x00017194      0x1c7 ./Drivers/STM32F1xx_HAL_Driver/Src/stm32f1xx_hal.o
 .debug_macro   0x0001735b      0x1a3 ./Drivers/STM32F1xx_HAL_Driver/Src/stm32f1xx_hal_cortex.o
 .debug_macro   0x000174fe      0x20e ./Drivers/STM32F1xx_HAL_Driver/Src/stm32f1xx_hal_gpio.o
 .debug_macro   0x0001770c      0x1f1 ./Drivers/STM32F1xx_HAL_Driver/Src/stm32f1xx_hal_i2c.o
 .debug_macro   0x000178fd      0x1b5 ./Drivers/STM32F1xx_HAL_Driver/Src/stm32f1xx_hal_rcc.o
 .debug_macro   0x00017ab2      0x1a4 ./Drivers/STM32F1xx_HAL_Driver/Src/stm32f1xx_hal_tim.o
 .debug_macro   0x00017c56      0x1a3 ./Drivers/STM32F1xx_HAL_Driver/Src/stm32f1xx_hal_tim_ex.o

.debug_line     0x00000000     0xfc7a
 .debug_line    0x00000000      0x72e ./Core/Src/gpio.o
 .debug_line    0x0000072e      0x771 ./Core/Src/i2c.o
 .debug_line    0x00000e9f      0x9ba ./Core/Src/main.o
 .debug_line    0x00001859      0xf3c ./Core/Src/oled.o
 .debug_line    0x00002795      0x708 ./Core/Src/stm32f1xx_hal_msp.o
 .debug_line    0x00002e9d      0x7ce ./Core/Src/stm32f1xx_it.o
 .debug_line    0x0000366b      0x786 ./Core/Src/system_stm32f1xx.o
 .debug_line    0x00003df1      0x781 ./Core/Src/tim.o
 .debug_line    0x00004572       0x78 ./Core/Startup/startup_stm32f103c8tx.o
 .debug_line    0x000045ea      0x9b7 ./Drivers/STM32F1xx_HAL_Driver/Src/stm32f1xx_hal.o
 .debug_line    0x00004fa1      0xb81 ./Drivers/STM32F1xx_HAL_Driver/Src/stm32f1xx_hal_cortex.o
 .debug_line    0x00005b22      0xa14 ./Drivers/STM32F1xx_HAL_Driver/Src/stm32f1xx_hal_gpio.o
 .debug_line    0x00006536     0x3bb4 ./Drivers/STM32F1xx_HAL_Driver/Src/stm32f1xx_hal_i2c.o
 .debug_line    0x0000a0ea      0xe70 ./Drivers/STM32F1xx_HAL_Driver/Src/stm32f1xx_hal_rcc.o
 .debug_line    0x0000af5a     0x34a5 ./Drivers/STM32F1xx_HAL_Driver/Src/stm32f1xx_hal_tim.o
 .debug_line    0x0000e3ff     0x187b ./Drivers/STM32F1xx_HAL_Driver/Src/stm32f1xx_hal_tim_ex.o

.debug_str      0x00000000    0x8a07f
 .debug_str     0x00000000    0x8a07f ./Core/Src/gpio.o
                              0x83476 (size before relaxing)
 .debug_str     0x0008a07f    0x83930 ./Core/Src/i2c.o
 .debug_str     0x0008a07f    0x83c8c ./Core/Src/main.o
 .debug_str     0x0008a07f    0x86a77 ./Core/Src/oled.o
 .debug_str     0x0008a07f    0x833fe ./Core/Src/stm32f1xx_hal_msp.o
 .debug_str     0x0008a07f    0x83904 ./Core/Src/stm32f1xx_it.o
 .debug_str     0x0008a07f    0x83429 ./Core/Src/system_stm32f1xx.o
 .debug_str     0x0008a07f    0x83d1f ./Core/Src/tim.o
 .debug_str     0x0008a07f       0x66 ./Core/Startup/startup_stm32f103c8tx.o
 .debug_str     0x0008a07f    0x83b5c ./Drivers/STM32F1xx_HAL_Driver/Src/stm32f1xx_hal.o
 .debug_str     0x0008a07f    0x83aa8 ./Drivers/STM32F1xx_HAL_Driver/Src/stm32f1xx_hal_cortex.o
 .debug_str     0x0008a07f    0x837af ./Drivers/STM32F1xx_HAL_Driver/Src/stm32f1xx_hal_gpio.o
 .debug_str     0x0008a07f    0x844f0 ./Drivers/STM32F1xx_HAL_Driver/Src/stm32f1xx_hal_i2c.o
 .debug_str     0x0008a07f    0x83858 ./Drivers/STM32F1xx_HAL_Driver/Src/stm32f1xx_hal_rcc.o
 .debug_str     0x0008a07f    0x8485a ./Drivers/STM32F1xx_HAL_Driver/Src/stm32f1xx_hal_tim.o
 .debug_str     0x0008a07f    0x84066 ./Drivers/STM32F1xx_HAL_Driver/Src/stm32f1xx_hal_tim_ex.o

.comment        0x00000000       0x43
 .comment       0x00000000       0x43 ./Core/Src/gpio.o
                                 0x44 (size before relaxing)
 .comment       0x00000043       0x44 ./Core/Src/i2c.o
 .comment       0x00000043       0x44 ./Core/Src/main.o
 .comment       0x00000043       0x44 ./Core/Src/oled.o
 .comment       0x00000043       0x44 ./Core/Src/stm32f1xx_hal_msp.o
 .comment       0x00000043       0x44 ./Core/Src/stm32f1xx_it.o
 .comment       0x00000043       0x44 ./Core/Src/system_stm32f1xx.o
 .comment       0x00000043       0x44 ./Core/Src/tim.o
 .comment       0x00000043       0x44 ./Drivers/STM32F1xx_HAL_Driver/Src/stm32f1xx_hal.o
 .comment       0x00000043       0x44 ./Drivers/STM32F1xx_HAL_Driver/Src/stm32f1xx_hal_cortex.o
 .comment       0x00000043       0x44 ./Drivers/STM32F1xx_HAL_Driver/Src/stm32f1xx_hal_gpio.o
 .comment       0x00000043       0x44 ./Drivers/STM32F1xx_HAL_Driver/Src/stm32f1xx_hal_i2c.o
 .comment       0x00000043       0x44 ./Drivers/STM32F1xx_HAL_Driver/Src/stm32f1xx_hal_rcc.o
 .comment       0x00000043       0x44 ./Drivers/STM32F1xx_HAL_Driver/Src/stm32f1xx_hal_tim.o
 .comment       0x00000043       0x44 ./Drivers/STM32F1xx_HAL_Driver/Src/stm32f1xx_hal_tim_ex.o

.debug_frame    0x00000000     0x36f8
 .debug_frame   0x00000000       0x34 ./Core/Src/gpio.o
 .debug_frame   0x00000034       0x74 ./Core/Src/i2c.o
 .debug_frame   0x000000a8      0x138 ./Core/Src/main.o
 .debug_frame   0x000001e0      0x344 ./Core/Src/oled.o
 .debug_frame   0x00000524       0x38 ./Core/Src/stm32f1xx_hal_msp.o
 .debug_frame   0x0000055c      0x120 ./Core/Src/stm32f1xx_it.o
 .debug_frame   0x0000067c       0x58 ./Core/Src/system_stm32f1xx.o
 .debug_frame   0x000006d4       0x7c ./Core/Src/tim.o
 .debug_frame   0x00000750      0x334 ./Drivers/STM32F1xx_HAL_Driver/Src/stm32f1xx_hal.o
 .debug_frame   0x00000a84      0x428 ./Drivers/STM32F1xx_HAL_Driver/Src/stm32f1xx_hal_cortex.o
 .debug_frame   0x00000eac      0x14c ./Drivers/STM32F1xx_HAL_Driver/Src/stm32f1xx_hal_gpio.o
 .debug_frame   0x00000ff8      0xc84 ./Drivers/STM32F1xx_HAL_Driver/Src/stm32f1xx_hal_i2c.o
 .debug_frame   0x00001c7c      0x218 ./Drivers/STM32F1xx_HAL_Driver/Src/stm32f1xx_hal_rcc.o
 .debug_frame   0x00001e94     0x11b8 ./Drivers/STM32F1xx_HAL_Driver/Src/stm32f1xx_hal_tim.o
 .debug_frame   0x0000304c      0x638 ./Drivers/STM32F1xx_HAL_Driver/Src/stm32f1xx_hal_tim_ex.o
 .debug_frame   0x00003684       0x20 D:/stm32/STM32CubeIDE_1.19.0/STM32CubeIDE/plugins/com.st.stm32cube.ide.mcu.externaltools.gnu-tools-for-stm32.13.3.rel1.win32_1.0.0.202411081344/tools/bin/../lib/gcc/arm-none-eabi/13.3.1/../../../../arm-none-eabi/lib/thumb/v7-m/nofp\libc_nano.a(libc_a-memset.o)
 .debug_frame   0x000036a4       0x28 D:/stm32/STM32CubeIDE_1.19.0/STM32CubeIDE/plugins/com.st.stm32cube.ide.mcu.externaltools.gnu-tools-for-stm32.13.3.rel1.win32_1.0.0.202411081344/tools/bin/../lib/gcc/arm-none-eabi/13.3.1/../../../../arm-none-eabi/lib/thumb/v7-m/nofp\libc_nano.a(libc_a-strncpy.o)
 .debug_frame   0x000036cc       0x2c D:/stm32/STM32CubeIDE_1.19.0/STM32CubeIDE/plugins/com.st.stm32cube.ide.mcu.externaltools.gnu-tools-for-stm32.13.3.rel1.win32_1.0.0.202411081344/tools/bin/../lib/gcc/arm-none-eabi/13.3.1/../../../../arm-none-eabi/lib/thumb/v7-m/nofp\libc_nano.a(libc_a-init.o)

.debug_line_str
                0x00000000       0x4a
 .debug_line_str
                0x00000000       0x4a ./Core/Startup/startup_stm32f103c8tx.o
