../Core/Src/oled.c:9:6:OLED_ColorTurn	16	static
../Core/Src/oled.c:23:6:OLED_DisplayTurn	16	static
../Core/Src/oled.c:38:6:IIC_delay	16	static
../Core/Src/oled.c:45:6:I2C_Start	8	static
../Core/Src/oled.c:57:6:I2C_Stop	8	static
../Core/Src/oled.c:66:6:I2C_WaitAck	8	static
../Core/Src/oled.c:77:6:Send_Byte	24	static
../Core/Src/oled.c:100:6:OLED_WR_Byte	16	static
../Core/Src/oled.c:114:6:OLED_DisPlay_On	8	static
../Core/Src/oled.c:122:6:OLED_DisPlay_Off	8	static
../Core/Src/oled.c:130:6:OLED_Refresh	16	static
../Core/Src/oled.c:152:6:OLED_Clear	16	static
../Core/Src/oled.c:169:6:OLED_DrawPoint	24	static
../Core/Src/oled.c:187:6:OLED_DrawLine	64	static
../Core/Src/oled.c:223:6:OLED_DrawCircle	32	static
../Core/Src/oled.c:257:6:OLED_ShowChar	32	static
../Core/Src/oled.c:295:6:OLED_ShowString	32	static
../Core/Src/oled.c:307:10:OLED_Pow	24	static
../Core/Src/oled.c:323:6:OLED_ShowNum	40	static
../Core/Src/oled.c:345:6:OLED_ShowChinese	40	static
../Core/Src/oled.c:378:6:OLED_ScrollDisplay	40	static
../Core/Src/oled.c:420:6:OLED_ShowPicture	32	static
../Core/Src/oled.c:450:6:OLED_Init	32	static
